%!Adobe-FontList 1.14
%Locale:0x409

%BeginFont
Handler:DirectoryHandler
FontType:Invalid
OutlineFileName:C:\Users\Jed PC\Desktop\Intense Tomato\Font\archerpro-bold-webfont.eot
FileModTime:1390349172
%EndFont

%BeginFont
Handler:DirectoryHandler
FontType:Invalid
OutlineFileName:C:\Users\Jed PC\Desktop\Intense Tomato\Font\archerpro-bold-webfont.svg
FileModTime:1390349172
%EndFont

%BeginFont
Handler:DirectoryHandler
FontType:TrueType
FontName:ArcherPro-Bold
FamilyName:ArcherPro
StyleName:Bold
FullName:ArcherPro Bold Regular
MenuName:ArcherPro Bold
StyleBits:2
WritingScript:Roman
OutlineFileName:C:\Users\Jed PC\Desktop\Intense Tomato\Font\archerpro-bold-webfont.ttf
DataFormat:sfntData
FileLength:91536
FileModTime:1390349172
WeightClass:400
WidthClass:5
AngleClass:0
%EndFont

%BeginFont
Handler:DirectoryHandler
FontType:Invalid
OutlineFileName:C:\Users\Jed PC\Desktop\Intense Tomato\Font\archerpro-bold-webfont.woff
FileModTime:1390349172
%EndFont

%BeginFont
Handler:DirectoryHandler
FontType:Invalid
OutlineFileName:C:\Users\Jed PC\Desktop\Intense Tomato\Font\archerpro-book-webfont.eot
FileModTime:1390349172
%EndFont

%BeginFont
Handler:DirectoryHandler
FontType:Invalid
OutlineFileName:C:\Users\Jed PC\Desktop\Intense Tomato\Font\archerpro-book-webfont.svg
FileModTime:1390349172
%EndFont

%BeginFont
Handler:DirectoryHandler
FontType:TrueType
FontName:ArcherPro-Book
FamilyName:ArcherPro
StyleName:Book
FullName:ArcherPro Book Regular
MenuName:ArcherPro Book
StyleBits:0
WritingScript:Roman
OutlineFileName:C:\Users\Jed PC\Desktop\Intense Tomato\Font\archerpro-book-webfont.ttf
DataFormat:sfntData
FileLength:92292
FileModTime:1390349172
WeightClass:325
WidthClass:5
AngleClass:0
%EndFont

%BeginFont
Handler:DirectoryHandler
FontType:Invalid
OutlineFileName:C:\Users\Jed PC\Desktop\Intense Tomato\Font\archerpro-book-webfont.woff
FileModTime:1390349172
%EndFont

%BeginFont
Handler:DirectoryHandler
FontType:Invalid
OutlineFileName:C:\Users\Jed PC\Desktop\Intense Tomato\Font\archerpro-hairline-webfont.eot
FileModTime:1390349172
%EndFont

%BeginFont
Handler:DirectoryHandler
FontType:Invalid
OutlineFileName:C:\Users\Jed PC\Desktop\Intense Tomato\Font\archerpro-hairline-webfont.svg
FileModTime:1390349172
%EndFont

%BeginFont
Handler:DirectoryHandler
FontType:TrueType
FontName:ArcherPro-Hairline
FamilyName:ArcherPro
StyleName:Hairline
FullName:ArcherPro Hairline Regular
MenuName:ArcherPro Hairline
StyleBits:0
WritingScript:Roman
OutlineFileName:C:\Users\Jed PC\Desktop\Intense Tomato\Font\archerpro-hairline-webfont.ttf
DataFormat:sfntData
FileLength:93612
FileModTime:1390349172
WeightClass:250
WidthClass:5
AngleClass:0
%EndFont

%BeginFont
Handler:DirectoryHandler
FontType:Invalid
OutlineFileName:C:\Users\Jed PC\Desktop\Intense Tomato\Font\archerpro-hairline-webfont.woff
FileModTime:1390349172
%EndFont

%BeginFont
Handler:DirectoryHandler
FontType:Invalid
OutlineFileName:C:\Users\Jed PC\Desktop\Intense Tomato\Font\archerpro-light-webfont.eot
FileModTime:1390349622
%EndFont

%BeginFont
Handler:DirectoryHandler
FontType:Invalid
OutlineFileName:C:\Users\Jed PC\Desktop\Intense Tomato\Font\archerpro-light-webfont.svg
FileModTime:1390349622
%EndFont

%BeginFont
Handler:DirectoryHandler
FontType:TrueType
FontName:ArcherPro-Light
FamilyName:ArcherPro
StyleName:Light
FullName:ArcherPro Light Regular
MenuName:ArcherPro Light
StyleBits:0
WritingScript:Roman
OutlineFileName:C:\Users\Jed PC\Desktop\Intense Tomato\Font\archerpro-light-webfont.ttf
DataFormat:sfntData
FileLength:95028
FileModTime:1390349622
WeightClass:300
WidthClass:5
AngleClass:0
%EndFont

%BeginFont
Handler:DirectoryHandler
FontType:Invalid
OutlineFileName:C:\Users\Jed PC\Desktop\Intense Tomato\Font\archerpro-light-webfont.woff
FileModTime:1390349622
%EndFont

%BeginFont
Handler:DirectoryHandler
FontType:Invalid
OutlineFileName:C:\Users\Jed PC\Desktop\Intense Tomato\Font\archerpro-medium-webfont.eot
FileModTime:1390349622
%EndFont

%BeginFont
Handler:DirectoryHandler
FontType:Invalid
OutlineFileName:C:\Users\Jed PC\Desktop\Intense Tomato\Font\archerpro-medium-webfont.svg
FileModTime:1390349622
%EndFont

%BeginFont
Handler:DirectoryHandler
FontType:TrueType
FontName:ArcherPro-Medium
FamilyName:ArcherPro
StyleName:Medium
FullName:ArcherPro Medium Regular
MenuName:ArcherPro Medium
StyleBits:0
WritingScript:Roman
OutlineFileName:C:\Users\Jed PC\Desktop\Intense Tomato\Font\archerpro-medium-webfont.ttf
DataFormat:sfntData
FileLength:93376
FileModTime:1390349622
WeightClass:350
WidthClass:5
AngleClass:0
%EndFont

%BeginFont
Handler:DirectoryHandler
FontType:Invalid
OutlineFileName:C:\Users\Jed PC\Desktop\Intense Tomato\Font\archerpro-medium-webfont.woff
FileModTime:1390349622
%EndFont

%BeginFont
Handler:DirectoryHandler
FontType:Invalid
OutlineFileName:C:\Users\Jed PC\Desktop\Intense Tomato\Font\archerpro-semibold-webfont.eot
FileModTime:1390349622
%EndFont

%BeginFont
Handler:DirectoryHandler
FontType:Invalid
OutlineFileName:C:\Users\Jed PC\Desktop\Intense Tomato\Font\archerpro-semibold-webfont.svg
FileModTime:1390349622
%EndFont

%BeginFont
Handler:DirectoryHandler
FontType:TrueType
FontName:ArcherPro-Semibold
FamilyName:ArcherPro
StyleName:Semibold
FullName:ArcherPro Semibold Regular
MenuName:ArcherPro Semibold
StyleBits:2
WritingScript:Roman
OutlineFileName:C:\Users\Jed PC\Desktop\Intense Tomato\Font\archerpro-semibold-webfont.ttf
DataFormat:sfntData
FileLength:93380
FileModTime:1390349622
WeightClass:375
WidthClass:5
AngleClass:0
%EndFont

%BeginFont
Handler:DirectoryHandler
FontType:Invalid
OutlineFileName:C:\Users\Jed PC\Desktop\Intense Tomato\Font\archerpro-semibold-webfont.woff
FileModTime:1390349622
%EndFont

%BeginFont
Handler:DirectoryHandler
FontType:Invalid
OutlineFileName:C:\Users\Jed PC\Desktop\Intense Tomato\Font\archerpro-thin-webfont.eot
FileModTime:1390349816
%EndFont

%BeginFont
Handler:DirectoryHandler
FontType:Invalid
OutlineFileName:C:\Users\Jed PC\Desktop\Intense Tomato\Font\archerpro-thin-webfont.svg
FileModTime:1390349816
%EndFont

%BeginFont
Handler:DirectoryHandler
FontType:TrueType
FontName:ArcherPro-Thin
FamilyName:ArcherPro
StyleName:Thin
FullName:ArcherPro Thin Regular
MenuName:ArcherPro Thin
StyleBits:0
WritingScript:Roman
OutlineFileName:C:\Users\Jed PC\Desktop\Intense Tomato\Font\archerpro-thin-webfont.ttf
DataFormat:sfntData
FileLength:94880
FileModTime:1390349816
WeightClass:265
WidthClass:5
AngleClass:0
%EndFont

%BeginFont
Handler:DirectoryHandler
FontType:Invalid
OutlineFileName:C:\Users\Jed PC\Desktop\Intense Tomato\Font\archerpro-thin-webfont.woff
FileModTime:1390349816
%EndFont

%BeginFont
Handler:DirectoryHandler
FontType:Invalid
OutlineFileName:C:\Users\Jed PC\Desktop\Intense Tomato\Font\archerpro-xlight-webfont.eot
FileModTime:1390349816
%EndFont

%BeginFont
Handler:DirectoryHandler
FontType:Invalid
OutlineFileName:C:\Users\Jed PC\Desktop\Intense Tomato\Font\archerpro-xlight-webfont.svg
FileModTime:1390349816
%EndFont

%BeginFont
Handler:DirectoryHandler
FontType:TrueType
FontName:ArcherPro-ExtraLight
FamilyName:ArcherPro
StyleName:Extra Light
FullName:ArcherPro Extra Light Regular
MenuName:ArcherPro Extra Light
StyleBits:0
WritingScript:Roman
OutlineFileName:C:\Users\Jed PC\Desktop\Intense Tomato\Font\archerpro-xlight-webfont.ttf
DataFormat:sfntData
FileLength:94848
FileModTime:1390349816
WeightClass:285
WidthClass:5
AngleClass:0
%EndFont

%BeginFont
Handler:DirectoryHandler
FontType:Invalid
OutlineFileName:C:\Users\Jed PC\Desktop\Intense Tomato\Font\archerpro-xlight-webfont.woff
FileModTime:1390349816
%EndFont

%BeginFont
Handler:DirectoryHandler
FontType:Invalid
OutlineFileName:C:\Users\Jed PC\Desktop\Intense Tomato\Font\olivier_demo-2-webfont.eot
FileModTime:1390349816
%EndFont

%BeginFont
Handler:DirectoryHandler
FontType:Invalid
OutlineFileName:C:\Users\Jed PC\Desktop\Intense Tomato\Font\olivier_demo-2-webfont.svg
FileModTime:1390349816
%EndFont

%BeginFont
Handler:DirectoryHandler
FontType:TrueType
FontName:olivier
FamilyName:olivier
StyleName:Regular
FullName:olivier Regular
MenuName:olivier
StyleBits:0
WritingScript:Roman
OutlineFileName:C:\Users\Jed PC\Desktop\Intense Tomato\Font\olivier_demo-2-webfont.ttf
DataFormat:sfntData
FileLength:69356
FileModTime:1390349816
WeightClass:400
WidthClass:5
AngleClass:0
%EndFont

%BeginFont
Handler:DirectoryHandler
FontType:Invalid
OutlineFileName:C:\Users\Jed PC\Desktop\Intense Tomato\Font\olivier_demo-2-webfont.woff
FileModTime:1390349816
%EndFont

%BeginFont
Handler:DirectoryHandler
FontType:Invalid
OutlineFileName:C:\Users\Jed PC\Desktop\Intense Tomato\Font\stylesheet.css
FileModTime:1390396684
%EndFont

